../Core/Inc/DHT11.c:13:6:DHT11_SetOutput	4	static
../Core/Inc/DHT11.c:21:6:DHT11_SetInput	4	static
../Core/Inc/DHT11.c:27:6:DHT11_Init	8	static
../Core/Inc/DHT11.c:40:6:delay_ms	16	static
../Core/Inc/DHT11.c:49:6:delay_us	16	static
../Core/Inc/DHT11.c:58:6:init_Timer	4	static
../Core/Inc/DHT11.c:72:6:DHT11_Start	8	static
../Core/Inc/DHT11.c:87:9:wait_Response	4	static
../Core/Inc/DHT11.c:102:9:read_bit_DHT11	4	static
../Core/Inc/DHT11.c:118:9:read_byte_DHT11	16	static
../Core/Inc/DHT11.c:127:9:readDHT11	32	static
